Thu May 11 15:35:26 CEST 2017 : Server di rete Apache Derby: 10.11.1.2 - (1629631) avviato e pronto ad accettare connessioni sulla porta 1527
----------------------------------------------------------------
Thu May 11 15:35:26 CEST 2017:
Avvio della versione di Derby The Apache Software Foundation - Apache Derby - 10.11.1.2 - (1629631): istanza a816c00e-015b-f7b8-a9d3-000073bcf779
sulla directory di database C:\Users\User1\Documents\NetBeansProjects\progettoamm2017\ProgettoAMM2017\web\WEB-INF\db\ammdb con caricatore classi sun.misc.Launcher$AppClassLoader@1d44bcfa 
Caricato da file:/C:/Program%20Files/Java/jdk1.8.0_101/db/lib/derby.jar
java.vendor=Oracle Corporation
java.runtime.version=1.8.0_101-b13
user.dir=C:\Program Files\Java\jdk1.8.0_101\db
os.name=Windows 8.1
os.arch=amd64
os.version=6.3
derby.system.home=C:\Users\User1\Documents\NetBeansProjects\progettoamm2017\ProgettoAMM2017\web\WEB-INF\db
Programma di caricamento classe database avviato - derby.database.classpath=''
----------------------------------------------------------------
Thu May 11 15:38:51 CEST 2017: arresto in corso del motore di Derby
----------------------------------------------------------------
Thu May 11 15:38:51 CEST 2017:
Arresto dell'istanza a816c00e-015b-f7b8-a9d3-000073bcf779 nella directory del database C:\Users\User1\Documents\NetBeansProjects\progettoamm2017\ProgettoAMM2017\web\WEB-INF\db\ammdb con il caricatore di classi sun.misc.Launcher$AppClassLoader@1d44bcfa 
----------------------------------------------------------------
